// Jest Snapshot v1, https://goo.gl/fbAQLP

exports[`SQRFormGuidelines should render 1`] = `
<div class="pt-3 v-item-group theme--light v-expansion-panels">
  <div aria-expanded="false" class="v-expansion-panel"><button type="button" class="v-expansion-panel-header pl-0">Guidelines<div class="v-expansion-panel-header__icon"><i aria-hidden="true" class="v-icon notranslate fas fa-chevron-down theme--light"></i></div></button>
    <div class="v-expansion-panel-content" style="display: none;">
      <div class="v-expansion-panel-content__wrap">Guidelines text here</div>
    </div>
  </div>
</div>
`;
