// Jest Snapshot v1, https://goo.gl/fbAQLP

exports[`Home.vue should render 1`] = `
<v-container-stub
  fluid="true"
  tag="div"
>
  <v-row-stub
    tag="div"
  >
    <v-col-stub
      class="text-center mt-5"
      cols="12"
      tag="div"
    >
      <h1>
        Welcome to Audio Seva
      </h1>
       
      <home-page-buttons-stub />
    </v-col-stub>
  </v-row-stub>
</v-container-stub>
`;
