// Jest Snapshot v1, https://goo.gl/fbAQLP

exports[`Home.vue should render 1`] = `
<v-container-stub
  fluid=""
  tag="div"
>
  <v-layout-stub
    row=""
    tag="div"
    wrap=""
  >
    <v-flex-stub
      class="text-xs-center"
      mt-5=""
      tag="div"
      xs12=""
    >
      <h1>
        Welcome to Audio Seva
      </h1>
       
      <home-page-buttons-stub />
    </v-flex-stub>
  </v-layout-stub>
</v-container-stub>
`;
